MPLINK 4.40, Linker
Linker Map File - Created Sat Dec 23 19:53:05 2017

                                 Section Info
                  Section       Type    Address   Location Size(Bytes)
                ---------  ---------  ---------  ---------  ---------
               _entry_scn       code   0x000000    program   0x000006
                   .cinit    romdata   0x000006    program   0x00000e
             .code_main.o       code   0x000014    program   0x00058c
                   STDLIB       code   0x0005a0    program   0x000134
               _cinit_scn       code   0x0006d4    program   0x00009e
                    .code       code   0x000772    program   0x000020
             _startup_scn       code   0x000792    program   0x00001c
           .code___init.o       code   0x0007ae    program   0x000002
        .romdata___init.o    romdata   0x0007b0    program   0x000000
             .stringtable    romdata   0x0007b0    program   0x000000
          .romdata_main.o    romdata   0x0007b0    program   0x000000
          .idata_main.o_i    romdata   0x0007b0    program   0x0000cf
         .romdata_c018i.o    romdata   0x0007b0    program   0x000000
        .idata___init.o_i    romdata   0x00087f    program   0x000000
         .idata_c018i.o_i    romdata   0x00087f    program   0x000000
            .code_c018i.o       code   0x000880    program   0x000000
    .config_300001_main.o    romdata   0x300001    program   0x000001
    .config_300003_main.o    romdata   0x300003    program   0x000001
    .config_300006_main.o    romdata   0x300006    program   0x000001
                 .tmpdata      udata   0x000000       data   0x000004
                MATH_DATA      udata   0x000004       data   0x000002
            .idata_main.o      idata   0x000100       data   0x0000cf
            .udata_main.o      udata   0x0001cf       data   0x00000f
           .udata_c018i.o      udata   0x0001de       data   0x00000a
           .idata_c018i.o      idata   0x0001e8       data   0x000000
          .udata___init.o      udata   0x0001e8       data   0x000000
          .idata___init.o      idata   0x0001e8       data   0x000000
                   .stack      udata   0x000500       data   0x000100
            SFR_UNBANKED0      udata   0x000f80       data   0x000080



                              Program Memory Usage 
                               Start         End      
                           ---------   ---------      
                            0x000000    0x00087e      
                            0x300001    0x300001      
                            0x300003    0x300003      
                            0x300006    0x300006      
            2178 out of 33048 program addresses used, program memory utilization is 6%



                              Symbols - Sorted by Name
                     Name    Address   Location    Storage File                     
                ---------  ---------  ---------  --------- ---------                
                  LCD_CMD   0x00054c    program     extern C:\Users\Witchy_Warda\Desktop\soundSEnsr\ALLcode\main.c
                 LCD_DATA   0x000576    program     extern C:\Users\Witchy_Warda\Desktop\soundSEnsr\ALLcode\main.c
                  OneByte   0x0006c2    program     static C:\MCC18\v3_39\src\traditional\stdclib\itobcd.asm
                ProcLower   0x000676    program     static C:\MCC18\v3_39\src\traditional\stdclib\itoa.asm
                ProcUpper   0x00066c    program     static C:\MCC18\v3_39\src\traditional\stdclib\itoa.asm
                 Sendchar   0x0004c6    program     extern C:\Users\Witchy_Warda\Desktop\soundSEnsr\ALLcode\main.c
                 TstLower   0x000660    program     static C:\MCC18\v3_39\src\traditional\stdclib\itoa.asm
                 TstUpper   0x00065a    program     static C:\MCC18\v3_39\src\traditional\stdclib\itoa.asm
       ___return_lbl00000   0x000004    program     static                          
       ___return_lbl00001   0x0007ac    program     static                          
       ___return_lbl00002   0x000770    program     static                          
               __config_0   0x300001    program     static C:\Users\Witchy_Warda\Desktop\soundSEnsr\ALLcode\main.c
               __config_1   0x300003    program     static C:\Users\Witchy_Warda\Desktop\soundSEnsr\ALLcode\main.c
               __config_2   0x300006    program     static C:\Users\Witchy_Warda\Desktop\soundSEnsr\ALLcode\main.c
                   __init   0x0007ae    program     extern C:\MCC18\v3_39\src\traditional\stdclib\__init.c
            __zero_memory   0x000772    program     extern C:\MCC18\v3_39\src\traditional\proc\p18F452.asm
                _do_cinit   0x0006d4    program     extern C:\MCC18\v3_39\src\traditional\startup\c018i.c
                   _entry   0x000000    program     extern C:\MCC18\v3_39\src\traditional\startup\c018i.c
                 _startup   0x000792    program     extern C:\MCC18\v3_39\src\traditional\startup\c018i.c
                compare_l   0x000788    program     static C:\MCC18\v3_39\src\traditional\proc\p18F452.asm
                copy_loop   0x000746    program     static                          
            copy_one_byte   0x00074c    program     static                          
                   delay1   0x0004e0    program     extern C:\Users\Witchy_Warda\Desktop\soundSEnsr\ALLcode\main.c
                  disable   0x00007e    program     extern C:\Users\Witchy_Warda\Desktop\soundSEnsr\ALLcode\main.c
                  display   0x000488    program     extern C:\Users\Witchy_Warda\Desktop\soundSEnsr\ALLcode\main.c
           displayWelcome   0x000032    program     extern C:\Users\Witchy_Warda\Desktop\soundSEnsr\ALLcode\main.c
                     done   0x000770    program     static                          
             done_copying   0x00075a    program     static                          
                   enable   0x0000cc    program     extern C:\Users\Witchy_Warda\Desktop\soundSEnsr\ALLcode\main.c
                   itoBCD   0x000680    program     extern C:\MCC18\v3_39\src\traditional\stdclib\itobcd.asm
                     itoa   0x0005a0    program     extern C:\MCC18\v3_39\src\traditional\stdclib\itoa.asm
                     jDo1   0x000626    program     static C:\MCC18\v3_39\src\traditional\stdclib\itoa.asm
                     jDo2   0x000622    program     static C:\MCC18\v3_39\src\traditional\stdclib\itoa.asm
                     jDo3   0x00061e    program     static C:\MCC18\v3_39\src\traditional\stdclib\itoa.asm
                     jDo4   0x00061a    program     static C:\MCC18\v3_39\src\traditional\stdclib\itoa.asm
                     jDo5   0x000616    program     static C:\MCC18\v3_39\src\traditional\stdclib\itoa.asm
                     jEnd   0x0006be    program     static C:\MCC18\v3_39\src\traditional\stdclib\itobcd.asm
                    jLoop   0x000698    program     static C:\MCC18\v3_39\src\traditional\stdclib\itobcd.asm
                jTstLowZ1   0x00066a    program     static C:\MCC18\v3_39\src\traditional\stdclib\itoa.asm
                jTstSign1   0x0005cc    program     static C:\MCC18\v3_39\src\traditional\stdclib\itoa.asm
                     loop   0x0007a2    program     static                          
                   loop_h   0x000780    program     static C:\MCC18\v3_39\src\traditional\proc\p18F452.asm
                   loop_l   0x00078a    program     static C:\MCC18\v3_39\src\traditional\proc\p18F452.asm
                     main   0x000014    program     extern C:\Users\Witchy_Warda\Desktop\soundSEnsr\ALLcode\main.c
                     test   0x0006ee    program     static                          
               viewstatus   0x0003e0    program     extern C:\Users\Witchy_Warda\Desktop\soundSEnsr\ALLcode\main.c
               zero_block   0x000780    program     static C:\MCC18\v3_39\src\traditional\proc\p18F452.asm
                   ADCON0   0x000fc2       data     extern C:\MCC18\v3_39\src\traditional\proc\p18F452.asm
               ADCON0bits   0x000fc2       data     extern C:\MCC18\v3_39\src\traditional\proc\p18F452.asm
                   ADCON1   0x000fc1       data     extern C:\MCC18\v3_39\src\traditional\proc\p18F452.asm
               ADCON1bits   0x000fc1       data     extern C:\MCC18\v3_39\src\traditional\proc\p18F452.asm
                    ADRES   0x000fc3       data     extern C:\MCC18\v3_39\src\traditional\proc\p18F452.asm
                   ADRESH   0x000fc4       data     extern C:\MCC18\v3_39\src\traditional\proc\p18F452.asm
                   ADRESL   0x000fc3       data     extern C:\MCC18\v3_39\src\traditional\proc\p18F452.asm
                      BSR   0x000fe0       data     extern C:\MCC18\v3_39\src\traditional\proc\p18F452.asm
                  CCP1CON   0x000fbd       data     extern C:\MCC18\v3_39\src\traditional\proc\p18F452.asm
              CCP1CONbits   0x000fbd       data     extern C:\MCC18\v3_39\src\traditional\proc\p18F452.asm
                  CCP2CON   0x000fba       data     extern C:\MCC18\v3_39\src\traditional\proc\p18F452.asm
              CCP2CONbits   0x000fba       data     extern C:\MCC18\v3_39\src\traditional\proc\p18F452.asm
                    CCPR1   0x000fbe       data     extern C:\MCC18\v3_39\src\traditional\proc\p18F452.asm
                   CCPR1H   0x000fbf       data     extern C:\MCC18\v3_39\src\traditional\proc\p18F452.asm
                   CCPR1L   0x000fbe       data     extern C:\MCC18\v3_39\src\traditional\proc\p18F452.asm
                    CCPR2   0x000fbb       data     extern C:\MCC18\v3_39\src\traditional\proc\p18F452.asm
                   CCPR2H   0x000fbc       data     extern C:\MCC18\v3_39\src\traditional\proc\p18F452.asm
                   CCPR2L   0x000fbb       data     extern C:\MCC18\v3_39\src\traditional\proc\p18F452.asm
                     DDRA   0x000f92       data     extern C:\MCC18\v3_39\src\traditional\proc\p18F452.asm
                 DDRAbits   0x000f92       data     extern C:\MCC18\v3_39\src\traditional\proc\p18F452.asm
                     DDRB   0x000f93       data     extern C:\MCC18\v3_39\src\traditional\proc\p18F452.asm
                 DDRBbits   0x000f93       data     extern C:\MCC18\v3_39\src\traditional\proc\p18F452.asm
                     DDRC   0x000f94       data     extern C:\MCC18\v3_39\src\traditional\proc\p18F452.asm
                 DDRCbits   0x000f94       data     extern C:\MCC18\v3_39\src\traditional\proc\p18F452.asm
                     DDRD   0x000f95       data     extern C:\MCC18\v3_39\src\traditional\proc\p18F452.asm
                 DDRDbits   0x000f95       data     extern C:\MCC18\v3_39\src\traditional\proc\p18F452.asm
                     DDRE   0x000f96       data     extern C:\MCC18\v3_39\src\traditional\proc\p18F452.asm
                 DDREbits   0x000f96       data     extern C:\MCC18\v3_39\src\traditional\proc\p18F452.asm
                       DV   0x000136       data     extern C:\Users\Witchy_Warda\Desktop\soundSEnsr\ALLcode\main.c
                    EEADR   0x000fa9       data     extern C:\MCC18\v3_39\src\traditional\proc\p18F452.asm
                   EECON1   0x000fa6       data     extern C:\MCC18\v3_39\src\traditional\proc\p18F452.asm
               EECON1bits   0x000fa6       data     extern C:\MCC18\v3_39\src\traditional\proc\p18F452.asm
                   EECON2   0x000fa7       data     extern C:\MCC18\v3_39\src\traditional\proc\p18F452.asm
                   EEDATA   0x000fa8       data     extern C:\MCC18\v3_39\src\traditional\proc\p18F452.asm
                       EV   0x000139       data     extern C:\Users\Witchy_Warda\Desktop\soundSEnsr\ALLcode\main.c
                     FSR0   0x000fe9       data     extern C:\MCC18\v3_39\src\traditional\proc\p18F452.asm
                    FSR0H   0x000fea       data     extern C:\MCC18\v3_39\src\traditional\proc\p18F452.asm
                    FSR0L   0x000fe9       data     extern C:\MCC18\v3_39\src\traditional\proc\p18F452.asm
                     FSR1   0x000fe1       data     extern C:\MCC18\v3_39\src\traditional\proc\p18F452.asm
                    FSR1H   0x000fe2       data     extern C:\MCC18\v3_39\src\traditional\proc\p18F452.asm
                    FSR1L   0x000fe1       data     extern C:\MCC18\v3_39\src\traditional\proc\p18F452.asm
                     FSR2   0x000fd9       data     extern C:\MCC18\v3_39\src\traditional\proc\p18F452.asm
                    FSR2H   0x000fda       data     extern C:\MCC18\v3_39\src\traditional\proc\p18F452.asm
                    FSR2L   0x000fd9       data     extern C:\MCC18\v3_39\src\traditional\proc\p18F452.asm
                    INDF0   0x000fef       data     extern C:\MCC18\v3_39\src\traditional\proc\p18F452.asm
                    INDF1   0x000fe7       data     extern C:\MCC18\v3_39\src\traditional\proc\p18F452.asm
                    INDF2   0x000fdf       data     extern C:\MCC18\v3_39\src\traditional\proc\p18F452.asm
                   INTCON   0x000ff2       data     extern C:\MCC18\v3_39\src\traditional\proc\p18F452.asm
                  INTCON1   0x000ff2       data     extern C:\MCC18\v3_39\src\traditional\proc\p18F452.asm
              INTCON1bits   0x000ff2       data     extern C:\MCC18\v3_39\src\traditional\proc\p18F452.asm
                  INTCON2   0x000ff1       data     extern C:\MCC18\v3_39\src\traditional\proc\p18F452.asm
              INTCON2bits   0x000ff1       data     extern C:\MCC18\v3_39\src\traditional\proc\p18F452.asm
                  INTCON3   0x000ff0       data     extern C:\MCC18\v3_39\src\traditional\proc\p18F452.asm
              INTCON3bits   0x000ff0       data     extern C:\MCC18\v3_39\src\traditional\proc\p18F452.asm
               INTCONbits   0x000ff2       data     extern C:\MCC18\v3_39\src\traditional\proc\p18F452.asm
                     IPR1   0x000f9f       data     extern C:\MCC18\v3_39\src\traditional\proc\p18F452.asm
                 IPR1bits   0x000f9f       data     extern C:\MCC18\v3_39\src\traditional\proc\p18F452.asm
                     IPR2   0x000fa2       data     extern C:\MCC18\v3_39\src\traditional\proc\p18F452.asm
                 IPR2bits   0x000fa2       data     extern C:\MCC18\v3_39\src\traditional\proc\p18F452.asm
                     LATA   0x000f89       data     extern C:\MCC18\v3_39\src\traditional\proc\p18F452.asm
                 LATAbits   0x000f89       data     extern C:\MCC18\v3_39\src\traditional\proc\p18F452.asm
                     LATB   0x000f8a       data     extern C:\MCC18\v3_39\src\traditional\proc\p18F452.asm
                 LATBbits   0x000f8a       data     extern C:\MCC18\v3_39\src\traditional\proc\p18F452.asm
                     LATC   0x000f8b       data     extern C:\MCC18\v3_39\src\traditional\proc\p18F452.asm
                 LATCbits   0x000f8b       data     extern C:\MCC18\v3_39\src\traditional\proc\p18F452.asm
                     LATD   0x000f8c       data     extern C:\MCC18\v3_39\src\traditional\proc\p18F452.asm
                 LATDbits   0x000f8c       data     extern C:\MCC18\v3_39\src\traditional\proc\p18F452.asm
                     LATE   0x000f8d       data     extern C:\MCC18\v3_39\src\traditional\proc\p18F452.asm
                 LATEbits   0x000f8d       data     extern C:\MCC18\v3_39\src\traditional\proc\p18F452.asm
                   LVDCON   0x000fd2       data     extern C:\MCC18\v3_39\src\traditional\proc\p18F452.asm
               LVDCONbits   0x000fd2       data     extern C:\MCC18\v3_39\src\traditional\proc\p18F452.asm
                   OSCCON   0x000fd3       data     extern C:\MCC18\v3_39\src\traditional\proc\p18F452.asm
               OSCCONbits   0x000fd3       data     extern C:\MCC18\v3_39\src\traditional\proc\p18F452.asm
                       PC   0x000ff9       data     extern C:\MCC18\v3_39\src\traditional\proc\p18F452.asm
                      PCL   0x000ff9       data     extern C:\MCC18\v3_39\src\traditional\proc\p18F452.asm
                   PCLATH   0x000ffa       data     extern C:\MCC18\v3_39\src\traditional\proc\p18F452.asm
                   PCLATU   0x000ffb       data     extern C:\MCC18\v3_39\src\traditional\proc\p18F452.asm
                     PIE1   0x000f9d       data     extern C:\MCC18\v3_39\src\traditional\proc\p18F452.asm
                 PIE1bits   0x000f9d       data     extern C:\MCC18\v3_39\src\traditional\proc\p18F452.asm
                     PIE2   0x000fa0       data     extern C:\MCC18\v3_39\src\traditional\proc\p18F452.asm
                 PIE2bits   0x000fa0       data     extern C:\MCC18\v3_39\src\traditional\proc\p18F452.asm
                     PIR1   0x000f9e       data     extern C:\MCC18\v3_39\src\traditional\proc\p18F452.asm
                 PIR1bits   0x000f9e       data     extern C:\MCC18\v3_39\src\traditional\proc\p18F452.asm
                     PIR2   0x000fa1       data     extern C:\MCC18\v3_39\src\traditional\proc\p18F452.asm
                 PIR2bits   0x000fa1       data     extern C:\MCC18\v3_39\src\traditional\proc\p18F452.asm
                   PLUSW0   0x000feb       data     extern C:\MCC18\v3_39\src\traditional\proc\p18F452.asm
                   PLUSW1   0x000fe3       data     extern C:\MCC18\v3_39\src\traditional\proc\p18F452.asm
                   PLUSW2   0x000fdb       data     extern C:\MCC18\v3_39\src\traditional\proc\p18F452.asm
                    PORTA   0x000f80       data     extern C:\MCC18\v3_39\src\traditional\proc\p18F452.asm
                PORTAbits   0x000f80       data     extern C:\MCC18\v3_39\src\traditional\proc\p18F452.asm
                    PORTB   0x000f81       data     extern C:\MCC18\v3_39\src\traditional\proc\p18F452.asm
                PORTBbits   0x000f81       data     extern C:\MCC18\v3_39\src\traditional\proc\p18F452.asm
                    PORTC   0x000f82       data     extern C:\MCC18\v3_39\src\traditional\proc\p18F452.asm
                PORTCbits   0x000f82       data     extern C:\MCC18\v3_39\src\traditional\proc\p18F452.asm
                    PORTD   0x000f83       data     extern C:\MCC18\v3_39\src\traditional\proc\p18F452.asm
                PORTDbits   0x000f83       data     extern C:\MCC18\v3_39\src\traditional\proc\p18F452.asm
                    PORTE   0x000f84       data     extern C:\MCC18\v3_39\src\traditional\proc\p18F452.asm
                PORTEbits   0x000f84       data     extern C:\MCC18\v3_39\src\traditional\proc\p18F452.asm
                 POSTDEC0   0x000fed       data     extern C:\MCC18\v3_39\src\traditional\proc\p18F452.asm
                 POSTDEC1   0x000fe5       data     extern C:\MCC18\v3_39\src\traditional\proc\p18F452.asm
                 POSTDEC2   0x000fdd       data     extern C:\MCC18\v3_39\src\traditional\proc\p18F452.asm
                 POSTINC0   0x000fee       data     extern C:\MCC18\v3_39\src\traditional\proc\p18F452.asm
                 POSTINC1   0x000fe6       data     extern C:\MCC18\v3_39\src\traditional\proc\p18F452.asm
                 POSTINC2   0x000fde       data     extern C:\MCC18\v3_39\src\traditional\proc\p18F452.asm
                      PR2   0x000fcb       data     extern C:\MCC18\v3_39\src\traditional\proc\p18F452.asm
                  PREINC0   0x000fec       data     extern C:\MCC18\v3_39\src\traditional\proc\p18F452.asm
                  PREINC1   0x000fe4       data     extern C:\MCC18\v3_39\src\traditional\proc\p18F452.asm
                  PREINC2   0x000fdc       data     extern C:\MCC18\v3_39\src\traditional\proc\p18F452.asm
                     PROD   0x000ff3       data     extern C:\MCC18\v3_39\src\traditional\proc\p18F452.asm
                    PRODH   0x000ff4       data     extern C:\MCC18\v3_39\src\traditional\proc\p18F452.asm
                    PRODL   0x000ff3       data     extern C:\MCC18\v3_39\src\traditional\proc\p18F452.asm
                     RCON   0x000fd0       data     extern C:\MCC18\v3_39\src\traditional\proc\p18F452.asm
                 RCONbits   0x000fd0       data     extern C:\MCC18\v3_39\src\traditional\proc\p18F452.asm
                    RCREG   0x000fae       data     extern C:\MCC18\v3_39\src\traditional\proc\p18F452.asm
                    RCSTA   0x000fab       data     extern C:\MCC18\v3_39\src\traditional\proc\p18F452.asm
                RCSTAbits   0x000fab       data     extern C:\MCC18\v3_39\src\traditional\proc\p18F452.asm
                     SIGN   0x000004       data     extern C:\MCC18\v3_39\src\traditional\math\cmath18.asm
                    SPBRG   0x000faf       data     extern C:\MCC18\v3_39\src\traditional\proc\p18F452.asm
                   SSPADD   0x000fc8       data     extern C:\MCC18\v3_39\src\traditional\proc\p18F452.asm
                   SSPBUF   0x000fc9       data     extern C:\MCC18\v3_39\src\traditional\proc\p18F452.asm
                  SSPCON1   0x000fc6       data     extern C:\MCC18\v3_39\src\traditional\proc\p18F452.asm
              SSPCON1bits   0x000fc6       data     extern C:\MCC18\v3_39\src\traditional\proc\p18F452.asm
                  SSPCON2   0x000fc5       data     extern C:\MCC18\v3_39\src\traditional\proc\p18F452.asm
              SSPCON2bits   0x000fc5       data     extern C:\MCC18\v3_39\src\traditional\proc\p18F452.asm
                  SSPSTAT   0x000fc7       data     extern C:\MCC18\v3_39\src\traditional\proc\p18F452.asm
              SSPSTATbits   0x000fc7       data     extern C:\MCC18\v3_39\src\traditional\proc\p18F452.asm
                   STATUS   0x000fd8       data     extern C:\MCC18\v3_39\src\traditional\proc\p18F452.asm
               STATUSbits   0x000fd8       data     extern C:\MCC18\v3_39\src\traditional\proc\p18F452.asm
                   STKPTR   0x000ffc       data     extern C:\MCC18\v3_39\src\traditional\proc\p18F452.asm
               STKPTRbits   0x000ffc       data     extern C:\MCC18\v3_39\src\traditional\proc\p18F452.asm
                    T0CON   0x000fd5       data     extern C:\MCC18\v3_39\src\traditional\proc\p18F452.asm
                T0CONbits   0x000fd5       data     extern C:\MCC18\v3_39\src\traditional\proc\p18F452.asm
                    T1CON   0x000fcd       data     extern C:\MCC18\v3_39\src\traditional\proc\p18F452.asm
                T1CONbits   0x000fcd       data     extern C:\MCC18\v3_39\src\traditional\proc\p18F452.asm
                    T2CON   0x000fca       data     extern C:\MCC18\v3_39\src\traditional\proc\p18F452.asm
                T2CONbits   0x000fca       data     extern C:\MCC18\v3_39\src\traditional\proc\p18F452.asm
                    T3CON   0x000fb1       data     extern C:\MCC18\v3_39\src\traditional\proc\p18F452.asm
                T3CONbits   0x000fb1       data     extern C:\MCC18\v3_39\src\traditional\proc\p18F452.asm
                   TABLAT   0x000ff5       data     extern C:\MCC18\v3_39\src\traditional\proc\p18F452.asm
                   TBLPTR   0x000ff6       data     extern C:\MCC18\v3_39\src\traditional\proc\p18F452.asm
                  TBLPTRH   0x000ff7       data     extern C:\MCC18\v3_39\src\traditional\proc\p18F452.asm
                  TBLPTRL   0x000ff6       data     extern C:\MCC18\v3_39\src\traditional\proc\p18F452.asm
                  TBLPTRU   0x000ff8       data     extern C:\MCC18\v3_39\src\traditional\proc\p18F452.asm
                    TMR0H   0x000fd7       data     extern C:\MCC18\v3_39\src\traditional\proc\p18F452.asm
                    TMR0L   0x000fd6       data     extern C:\MCC18\v3_39\src\traditional\proc\p18F452.asm
                    TMR1H   0x000fcf       data     extern C:\MCC18\v3_39\src\traditional\proc\p18F452.asm
                    TMR1L   0x000fce       data     extern C:\MCC18\v3_39\src\traditional\proc\p18F452.asm
                     TMR2   0x000fcc       data     extern C:\MCC18\v3_39\src\traditional\proc\p18F452.asm
                    TMR3H   0x000fb3       data     extern C:\MCC18\v3_39\src\traditional\proc\p18F452.asm
                    TMR3L   0x000fb2       data     extern C:\MCC18\v3_39\src\traditional\proc\p18F452.asm
                      TOS   0x000ffd       data     extern C:\MCC18\v3_39\src\traditional\proc\p18F452.asm
                     TOSH   0x000ffe       data     extern C:\MCC18\v3_39\src\traditional\proc\p18F452.asm
                     TOSL   0x000ffd       data     extern C:\MCC18\v3_39\src\traditional\proc\p18F452.asm
                     TOSU   0x000fff       data     extern C:\MCC18\v3_39\src\traditional\proc\p18F452.asm
                    TRISA   0x000f92       data     extern C:\MCC18\v3_39\src\traditional\proc\p18F452.asm
                TRISAbits   0x000f92       data     extern C:\MCC18\v3_39\src\traditional\proc\p18F452.asm
                    TRISB   0x000f93       data     extern C:\MCC18\v3_39\src\traditional\proc\p18F452.asm
                TRISBbits   0x000f93       data     extern C:\MCC18\v3_39\src\traditional\proc\p18F452.asm
                    TRISC   0x000f94       data     extern C:\MCC18\v3_39\src\traditional\proc\p18F452.asm
                TRISCbits   0x000f94       data     extern C:\MCC18\v3_39\src\traditional\proc\p18F452.asm
                    TRISD   0x000f95       data     extern C:\MCC18\v3_39\src\traditional\proc\p18F452.asm
                TRISDbits   0x000f95       data     extern C:\MCC18\v3_39\src\traditional\proc\p18F452.asm
                    TRISE   0x000f96       data     extern C:\MCC18\v3_39\src\traditional\proc\p18F452.asm
                TRISEbits   0x000f96       data     extern C:\MCC18\v3_39\src\traditional\proc\p18F452.asm
                    TXREG   0x000fad       data     extern C:\MCC18\v3_39\src\traditional\proc\p18F452.asm
                    TXSTA   0x000fac       data     extern C:\MCC18\v3_39\src\traditional\proc\p18F452.asm
                TXSTAbits   0x000fac       data     extern C:\MCC18\v3_39\src\traditional\proc\p18F452.asm
                        W   0x000fe8       data     extern C:\MCC18\v3_39\src\traditional\proc\p18F452.asm
                   WDTCON   0x000fd1       data     extern C:\MCC18\v3_39\src\traditional\proc\p18F452.asm
               WDTCONbits   0x000fd1       data     extern C:\MCC18\v3_39\src\traditional\proc\p18F452.asm
                     WREG   0x000fe8       data     extern C:\MCC18\v3_39\src\traditional\proc\p18F452.asm
                __FPFLAGS   0x000005       data     extern C:\MCC18\v3_39\src\traditional\math\cmath18.asm
            __FPFLAGSbits   0x000005       data     extern C:\MCC18\v3_39\src\traditional\math\cmath18.asm
                  __tmp_0   0x000000       data     static C:\Users\Witchy_Warda\Desktop\soundSEnsr\ALLcode\main.c
                     can1   0x0001c9       data     extern C:\Users\Witchy_Warda\Desktop\soundSEnsr\ALLcode\main.c
                     can2   0x0001cb       data     extern C:\Users\Witchy_Warda\Desktop\soundSEnsr\ALLcode\main.c
                     can3   0x0001cd       data     extern C:\Users\Witchy_Warda\Desktop\soundSEnsr\ALLcode\main.c
                     cast   0x00013b       data     extern C:\Users\Witchy_Warda\Desktop\soundSEnsr\ALLcode\main.c
                    cast1   0x00014b       data     extern C:\Users\Witchy_Warda\Desktop\soundSEnsr\ALLcode\main.c
                    cast2   0x00015a       data     extern C:\Users\Witchy_Warda\Desktop\soundSEnsr\ALLcode\main.c
                    cast3   0x000169       data     extern C:\Users\Witchy_Warda\Desktop\soundSEnsr\ALLcode\main.c
                 congrats   0x0001a2       data     extern C:\Users\Witchy_Warda\Desktop\soundSEnsr\ALLcode\main.c
                curr_byte   0x0001e1       data     static C:\MCC18\v3_39\src\traditional\startup\c018i.c
               curr_entry   0x0001e3       data     static C:\MCC18\v3_39\src\traditional\startup\c018i.c
                 data_ptr   0x0001e5       data     static C:\MCC18\v3_39\src\traditional\startup\c018i.c
                      msg   0x000100       data     extern C:\Users\Witchy_Warda\Desktop\soundSEnsr\ALLcode\main.c
                     msg2   0x00010b       data     extern C:\Users\Witchy_Warda\Desktop\soundSEnsr\ALLcode\main.c
                     prom   0x0001de       data     static C:\MCC18\v3_39\src\traditional\startup\c018i.c
                   votes1   0x0001cf       data     extern C:\Users\Witchy_Warda\Desktop\soundSEnsr\ALLcode\main.c
                   votes2   0x0001d4       data     extern C:\Users\Witchy_Warda\Desktop\soundSEnsr\ALLcode\main.c
                   votes3   0x0001d9       data     extern C:\Users\Witchy_Warda\Desktop\soundSEnsr\ALLcode\main.c
                   voting   0x00011a       data     extern C:\Users\Witchy_Warda\Desktop\soundSEnsr\ALLcode\main.c
                  winner1   0x000178       data     extern C:\Users\Witchy_Warda\Desktop\soundSEnsr\ALLcode\main.c
                  winner2   0x000186       data     extern C:\Users\Witchy_Warda\Desktop\soundSEnsr\ALLcode\main.c
                  winner3   0x000194       data     extern C:\Users\Witchy_Warda\Desktop\soundSEnsr\ALLcode\main.c
                    wrong   0x0001b3       data     extern C:\Users\Witchy_Warda\Desktop\soundSEnsr\ALLcode\main.c
                   wrong2   0x0001c0       data     extern C:\Users\Witchy_Warda\Desktop\soundSEnsr\ALLcode\main.c
                      xxx   0x000128       data     extern C:\Users\Witchy_Warda\Desktop\soundSEnsr\ALLcode\main.c



                              Symbols - Sorted by Address
                     Name    Address   Location    Storage File                     
                ---------  ---------  ---------  --------- ---------                
                   _entry   0x000000    program     extern C:\MCC18\v3_39\src\traditional\startup\c018i.c
       ___return_lbl00000   0x000004    program     static                          
                     main   0x000014    program     extern C:\Users\Witchy_Warda\Desktop\soundSEnsr\ALLcode\main.c
           displayWelcome   0x000032    program     extern C:\Users\Witchy_Warda\Desktop\soundSEnsr\ALLcode\main.c
                  disable   0x00007e    program     extern C:\Users\Witchy_Warda\Desktop\soundSEnsr\ALLcode\main.c
                   enable   0x0000cc    program     extern C:\Users\Witchy_Warda\Desktop\soundSEnsr\ALLcode\main.c
               viewstatus   0x0003e0    program     extern C:\Users\Witchy_Warda\Desktop\soundSEnsr\ALLcode\main.c
                  display   0x000488    program     extern C:\Users\Witchy_Warda\Desktop\soundSEnsr\ALLcode\main.c
                 Sendchar   0x0004c6    program     extern C:\Users\Witchy_Warda\Desktop\soundSEnsr\ALLcode\main.c
                   delay1   0x0004e0    program     extern C:\Users\Witchy_Warda\Desktop\soundSEnsr\ALLcode\main.c
                  LCD_CMD   0x00054c    program     extern C:\Users\Witchy_Warda\Desktop\soundSEnsr\ALLcode\main.c
                 LCD_DATA   0x000576    program     extern C:\Users\Witchy_Warda\Desktop\soundSEnsr\ALLcode\main.c
                     itoa   0x0005a0    program     extern C:\MCC18\v3_39\src\traditional\stdclib\itoa.asm
                jTstSign1   0x0005cc    program     static C:\MCC18\v3_39\src\traditional\stdclib\itoa.asm
                     jDo5   0x000616    program     static C:\MCC18\v3_39\src\traditional\stdclib\itoa.asm
                     jDo4   0x00061a    program     static C:\MCC18\v3_39\src\traditional\stdclib\itoa.asm
                     jDo3   0x00061e    program     static C:\MCC18\v3_39\src\traditional\stdclib\itoa.asm
                     jDo2   0x000622    program     static C:\MCC18\v3_39\src\traditional\stdclib\itoa.asm
                     jDo1   0x000626    program     static C:\MCC18\v3_39\src\traditional\stdclib\itoa.asm
                 TstUpper   0x00065a    program     static C:\MCC18\v3_39\src\traditional\stdclib\itoa.asm
                 TstLower   0x000660    program     static C:\MCC18\v3_39\src\traditional\stdclib\itoa.asm
                jTstLowZ1   0x00066a    program     static C:\MCC18\v3_39\src\traditional\stdclib\itoa.asm
                ProcUpper   0x00066c    program     static C:\MCC18\v3_39\src\traditional\stdclib\itoa.asm
                ProcLower   0x000676    program     static C:\MCC18\v3_39\src\traditional\stdclib\itoa.asm
                   itoBCD   0x000680    program     extern C:\MCC18\v3_39\src\traditional\stdclib\itobcd.asm
                    jLoop   0x000698    program     static C:\MCC18\v3_39\src\traditional\stdclib\itobcd.asm
                     jEnd   0x0006be    program     static C:\MCC18\v3_39\src\traditional\stdclib\itobcd.asm
                  OneByte   0x0006c2    program     static C:\MCC18\v3_39\src\traditional\stdclib\itobcd.asm
                _do_cinit   0x0006d4    program     extern C:\MCC18\v3_39\src\traditional\startup\c018i.c
                     test   0x0006ee    program     static                          
                copy_loop   0x000746    program     static                          
            copy_one_byte   0x00074c    program     static                          
             done_copying   0x00075a    program     static                          
                     done   0x000770    program     static                          
       ___return_lbl00002   0x000770    program     static                          
            __zero_memory   0x000772    program     extern C:\MCC18\v3_39\src\traditional\proc\p18F452.asm
                   loop_h   0x000780    program     static C:\MCC18\v3_39\src\traditional\proc\p18F452.asm
               zero_block   0x000780    program     static C:\MCC18\v3_39\src\traditional\proc\p18F452.asm
                compare_l   0x000788    program     static C:\MCC18\v3_39\src\traditional\proc\p18F452.asm
                   loop_l   0x00078a    program     static C:\MCC18\v3_39\src\traditional\proc\p18F452.asm
                 _startup   0x000792    program     extern C:\MCC18\v3_39\src\traditional\startup\c018i.c
                     loop   0x0007a2    program     static                          
       ___return_lbl00001   0x0007ac    program     static                          
                   __init   0x0007ae    program     extern C:\MCC18\v3_39\src\traditional\stdclib\__init.c
               __config_0   0x300001    program     static C:\Users\Witchy_Warda\Desktop\soundSEnsr\ALLcode\main.c
               __config_1   0x300003    program     static C:\Users\Witchy_Warda\Desktop\soundSEnsr\ALLcode\main.c
               __config_2   0x300006    program     static C:\Users\Witchy_Warda\Desktop\soundSEnsr\ALLcode\main.c
                  __tmp_0   0x000000       data     static C:\Users\Witchy_Warda\Desktop\soundSEnsr\ALLcode\main.c
                     SIGN   0x000004       data     extern C:\MCC18\v3_39\src\traditional\math\cmath18.asm
                __FPFLAGS   0x000005       data     extern C:\MCC18\v3_39\src\traditional\math\cmath18.asm
            __FPFLAGSbits   0x000005       data     extern C:\MCC18\v3_39\src\traditional\math\cmath18.asm
                      msg   0x000100       data     extern C:\Users\Witchy_Warda\Desktop\soundSEnsr\ALLcode\main.c
                     msg2   0x00010b       data     extern C:\Users\Witchy_Warda\Desktop\soundSEnsr\ALLcode\main.c
                   voting   0x00011a       data     extern C:\Users\Witchy_Warda\Desktop\soundSEnsr\ALLcode\main.c
                      xxx   0x000128       data     extern C:\Users\Witchy_Warda\Desktop\soundSEnsr\ALLcode\main.c
                       DV   0x000136       data     extern C:\Users\Witchy_Warda\Desktop\soundSEnsr\ALLcode\main.c
                       EV   0x000139       data     extern C:\Users\Witchy_Warda\Desktop\soundSEnsr\ALLcode\main.c
                     cast   0x00013b       data     extern C:\Users\Witchy_Warda\Desktop\soundSEnsr\ALLcode\main.c
                    cast1   0x00014b       data     extern C:\Users\Witchy_Warda\Desktop\soundSEnsr\ALLcode\main.c
                    cast2   0x00015a       data     extern C:\Users\Witchy_Warda\Desktop\soundSEnsr\ALLcode\main.c
                    cast3   0x000169       data     extern C:\Users\Witchy_Warda\Desktop\soundSEnsr\ALLcode\main.c
                  winner1   0x000178       data     extern C:\Users\Witchy_Warda\Desktop\soundSEnsr\ALLcode\main.c
                  winner2   0x000186       data     extern C:\Users\Witchy_Warda\Desktop\soundSEnsr\ALLcode\main.c
                  winner3   0x000194       data     extern C:\Users\Witchy_Warda\Desktop\soundSEnsr\ALLcode\main.c
                 congrats   0x0001a2       data     extern C:\Users\Witchy_Warda\Desktop\soundSEnsr\ALLcode\main.c
                    wrong   0x0001b3       data     extern C:\Users\Witchy_Warda\Desktop\soundSEnsr\ALLcode\main.c
                   wrong2   0x0001c0       data     extern C:\Users\Witchy_Warda\Desktop\soundSEnsr\ALLcode\main.c
                     can1   0x0001c9       data     extern C:\Users\Witchy_Warda\Desktop\soundSEnsr\ALLcode\main.c
                     can2   0x0001cb       data     extern C:\Users\Witchy_Warda\Desktop\soundSEnsr\ALLcode\main.c
                     can3   0x0001cd       data     extern C:\Users\Witchy_Warda\Desktop\soundSEnsr\ALLcode\main.c
                   votes1   0x0001cf       data     extern C:\Users\Witchy_Warda\Desktop\soundSEnsr\ALLcode\main.c
                   votes2   0x0001d4       data     extern C:\Users\Witchy_Warda\Desktop\soundSEnsr\ALLcode\main.c
                   votes3   0x0001d9       data     extern C:\Users\Witchy_Warda\Desktop\soundSEnsr\ALLcode\main.c
                     prom   0x0001de       data     static C:\MCC18\v3_39\src\traditional\startup\c018i.c
                curr_byte   0x0001e1       data     static C:\MCC18\v3_39\src\traditional\startup\c018i.c
               curr_entry   0x0001e3       data     static C:\MCC18\v3_39\src\traditional\startup\c018i.c
                 data_ptr   0x0001e5       data     static C:\MCC18\v3_39\src\traditional\startup\c018i.c
                PORTAbits   0x000f80       data     extern C:\MCC18\v3_39\src\traditional\proc\p18F452.asm
                    PORTA   0x000f80       data     extern C:\MCC18\v3_39\src\traditional\proc\p18F452.asm
                    PORTB   0x000f81       data     extern C:\MCC18\v3_39\src\traditional\proc\p18F452.asm
                PORTBbits   0x000f81       data     extern C:\MCC18\v3_39\src\traditional\proc\p18F452.asm
                    PORTC   0x000f82       data     extern C:\MCC18\v3_39\src\traditional\proc\p18F452.asm
                PORTCbits   0x000f82       data     extern C:\MCC18\v3_39\src\traditional\proc\p18F452.asm
                    PORTD   0x000f83       data     extern C:\MCC18\v3_39\src\traditional\proc\p18F452.asm
                PORTDbits   0x000f83       data     extern C:\MCC18\v3_39\src\traditional\proc\p18F452.asm
                    PORTE   0x000f84       data     extern C:\MCC18\v3_39\src\traditional\proc\p18F452.asm
                PORTEbits   0x000f84       data     extern C:\MCC18\v3_39\src\traditional\proc\p18F452.asm
                     LATA   0x000f89       data     extern C:\MCC18\v3_39\src\traditional\proc\p18F452.asm
                 LATAbits   0x000f89       data     extern C:\MCC18\v3_39\src\traditional\proc\p18F452.asm
                     LATB   0x000f8a       data     extern C:\MCC18\v3_39\src\traditional\proc\p18F452.asm
                 LATBbits   0x000f8a       data     extern C:\MCC18\v3_39\src\traditional\proc\p18F452.asm
                 LATCbits   0x000f8b       data     extern C:\MCC18\v3_39\src\traditional\proc\p18F452.asm
                     LATC   0x000f8b       data     extern C:\MCC18\v3_39\src\traditional\proc\p18F452.asm
                     LATD   0x000f8c       data     extern C:\MCC18\v3_39\src\traditional\proc\p18F452.asm
                 LATDbits   0x000f8c       data     extern C:\MCC18\v3_39\src\traditional\proc\p18F452.asm
                 LATEbits   0x000f8d       data     extern C:\MCC18\v3_39\src\traditional\proc\p18F452.asm
                     LATE   0x000f8d       data     extern C:\MCC18\v3_39\src\traditional\proc\p18F452.asm
                    TRISA   0x000f92       data     extern C:\MCC18\v3_39\src\traditional\proc\p18F452.asm
                TRISAbits   0x000f92       data     extern C:\MCC18\v3_39\src\traditional\proc\p18F452.asm
                 DDRAbits   0x000f92       data     extern C:\MCC18\v3_39\src\traditional\proc\p18F452.asm
                     DDRA   0x000f92       data     extern C:\MCC18\v3_39\src\traditional\proc\p18F452.asm
                    TRISB   0x000f93       data     extern C:\MCC18\v3_39\src\traditional\proc\p18F452.asm
                 DDRBbits   0x000f93       data     extern C:\MCC18\v3_39\src\traditional\proc\p18F452.asm
                     DDRB   0x000f93       data     extern C:\MCC18\v3_39\src\traditional\proc\p18F452.asm
                TRISBbits   0x000f93       data     extern C:\MCC18\v3_39\src\traditional\proc\p18F452.asm
                TRISCbits   0x000f94       data     extern C:\MCC18\v3_39\src\traditional\proc\p18F452.asm
                 DDRCbits   0x000f94       data     extern C:\MCC18\v3_39\src\traditional\proc\p18F452.asm
                     DDRC   0x000f94       data     extern C:\MCC18\v3_39\src\traditional\proc\p18F452.asm
                    TRISC   0x000f94       data     extern C:\MCC18\v3_39\src\traditional\proc\p18F452.asm
                    TRISD   0x000f95       data     extern C:\MCC18\v3_39\src\traditional\proc\p18F452.asm
                TRISDbits   0x000f95       data     extern C:\MCC18\v3_39\src\traditional\proc\p18F452.asm
                     DDRD   0x000f95       data     extern C:\MCC18\v3_39\src\traditional\proc\p18F452.asm
                 DDRDbits   0x000f95       data     extern C:\MCC18\v3_39\src\traditional\proc\p18F452.asm
                 DDREbits   0x000f96       data     extern C:\MCC18\v3_39\src\traditional\proc\p18F452.asm
                     DDRE   0x000f96       data     extern C:\MCC18\v3_39\src\traditional\proc\p18F452.asm
                    TRISE   0x000f96       data     extern C:\MCC18\v3_39\src\traditional\proc\p18F452.asm
                TRISEbits   0x000f96       data     extern C:\MCC18\v3_39\src\traditional\proc\p18F452.asm
                     PIE1   0x000f9d       data     extern C:\MCC18\v3_39\src\traditional\proc\p18F452.asm
                 PIE1bits   0x000f9d       data     extern C:\MCC18\v3_39\src\traditional\proc\p18F452.asm
                     PIR1   0x000f9e       data     extern C:\MCC18\v3_39\src\traditional\proc\p18F452.asm
                 PIR1bits   0x000f9e       data     extern C:\MCC18\v3_39\src\traditional\proc\p18F452.asm
                 IPR1bits   0x000f9f       data     extern C:\MCC18\v3_39\src\traditional\proc\p18F452.asm
                     IPR1   0x000f9f       data     extern C:\MCC18\v3_39\src\traditional\proc\p18F452.asm
                     PIE2   0x000fa0       data     extern C:\MCC18\v3_39\src\traditional\proc\p18F452.asm
                 PIE2bits   0x000fa0       data     extern C:\MCC18\v3_39\src\traditional\proc\p18F452.asm
                     PIR2   0x000fa1       data     extern C:\MCC18\v3_39\src\traditional\proc\p18F452.asm
                 PIR2bits   0x000fa1       data     extern C:\MCC18\v3_39\src\traditional\proc\p18F452.asm
                 IPR2bits   0x000fa2       data     extern C:\MCC18\v3_39\src\traditional\proc\p18F452.asm
                     IPR2   0x000fa2       data     extern C:\MCC18\v3_39\src\traditional\proc\p18F452.asm
               EECON1bits   0x000fa6       data     extern C:\MCC18\v3_39\src\traditional\proc\p18F452.asm
                   EECON1   0x000fa6       data     extern C:\MCC18\v3_39\src\traditional\proc\p18F452.asm
                   EECON2   0x000fa7       data     extern C:\MCC18\v3_39\src\traditional\proc\p18F452.asm
                   EEDATA   0x000fa8       data     extern C:\MCC18\v3_39\src\traditional\proc\p18F452.asm
                    EEADR   0x000fa9       data     extern C:\MCC18\v3_39\src\traditional\proc\p18F452.asm
                RCSTAbits   0x000fab       data     extern C:\MCC18\v3_39\src\traditional\proc\p18F452.asm
                    RCSTA   0x000fab       data     extern C:\MCC18\v3_39\src\traditional\proc\p18F452.asm
                TXSTAbits   0x000fac       data     extern C:\MCC18\v3_39\src\traditional\proc\p18F452.asm
                    TXSTA   0x000fac       data     extern C:\MCC18\v3_39\src\traditional\proc\p18F452.asm
                    TXREG   0x000fad       data     extern C:\MCC18\v3_39\src\traditional\proc\p18F452.asm
                    RCREG   0x000fae       data     extern C:\MCC18\v3_39\src\traditional\proc\p18F452.asm
                    SPBRG   0x000faf       data     extern C:\MCC18\v3_39\src\traditional\proc\p18F452.asm
                    T3CON   0x000fb1       data     extern C:\MCC18\v3_39\src\traditional\proc\p18F452.asm
                T3CONbits   0x000fb1       data     extern C:\MCC18\v3_39\src\traditional\proc\p18F452.asm
                    TMR3L   0x000fb2       data     extern C:\MCC18\v3_39\src\traditional\proc\p18F452.asm
                    TMR3H   0x000fb3       data     extern C:\MCC18\v3_39\src\traditional\proc\p18F452.asm
              CCP2CONbits   0x000fba       data     extern C:\MCC18\v3_39\src\traditional\proc\p18F452.asm
                  CCP2CON   0x000fba       data     extern C:\MCC18\v3_39\src\traditional\proc\p18F452.asm
                   CCPR2L   0x000fbb       data     extern C:\MCC18\v3_39\src\traditional\proc\p18F452.asm
                    CCPR2   0x000fbb       data     extern C:\MCC18\v3_39\src\traditional\proc\p18F452.asm
                   CCPR2H   0x000fbc       data     extern C:\MCC18\v3_39\src\traditional\proc\p18F452.asm
                  CCP1CON   0x000fbd       data     extern C:\MCC18\v3_39\src\traditional\proc\p18F452.asm
              CCP1CONbits   0x000fbd       data     extern C:\MCC18\v3_39\src\traditional\proc\p18F452.asm
                    CCPR1   0x000fbe       data     extern C:\MCC18\v3_39\src\traditional\proc\p18F452.asm
                   CCPR1L   0x000fbe       data     extern C:\MCC18\v3_39\src\traditional\proc\p18F452.asm
                   CCPR1H   0x000fbf       data     extern C:\MCC18\v3_39\src\traditional\proc\p18F452.asm
               ADCON1bits   0x000fc1       data     extern C:\MCC18\v3_39\src\traditional\proc\p18F452.asm
                   ADCON1   0x000fc1       data     extern C:\MCC18\v3_39\src\traditional\proc\p18F452.asm
                   ADCON0   0x000fc2       data     extern C:\MCC18\v3_39\src\traditional\proc\p18F452.asm
               ADCON0bits   0x000fc2       data     extern C:\MCC18\v3_39\src\traditional\proc\p18F452.asm
                    ADRES   0x000fc3       data     extern C:\MCC18\v3_39\src\traditional\proc\p18F452.asm
                   ADRESL   0x000fc3       data     extern C:\MCC18\v3_39\src\traditional\proc\p18F452.asm
                   ADRESH   0x000fc4       data     extern C:\MCC18\v3_39\src\traditional\proc\p18F452.asm
              SSPCON2bits   0x000fc5       data     extern C:\MCC18\v3_39\src\traditional\proc\p18F452.asm
                  SSPCON2   0x000fc5       data     extern C:\MCC18\v3_39\src\traditional\proc\p18F452.asm
              SSPCON1bits   0x000fc6       data     extern C:\MCC18\v3_39\src\traditional\proc\p18F452.asm
                  SSPCON1   0x000fc6       data     extern C:\MCC18\v3_39\src\traditional\proc\p18F452.asm
              SSPSTATbits   0x000fc7       data     extern C:\MCC18\v3_39\src\traditional\proc\p18F452.asm
                  SSPSTAT   0x000fc7       data     extern C:\MCC18\v3_39\src\traditional\proc\p18F452.asm
                   SSPADD   0x000fc8       data     extern C:\MCC18\v3_39\src\traditional\proc\p18F452.asm
                   SSPBUF   0x000fc9       data     extern C:\MCC18\v3_39\src\traditional\proc\p18F452.asm
                    T2CON   0x000fca       data     extern C:\MCC18\v3_39\src\traditional\proc\p18F452.asm
                T2CONbits   0x000fca       data     extern C:\MCC18\v3_39\src\traditional\proc\p18F452.asm
                      PR2   0x000fcb       data     extern C:\MCC18\v3_39\src\traditional\proc\p18F452.asm
                     TMR2   0x000fcc       data     extern C:\MCC18\v3_39\src\traditional\proc\p18F452.asm
                    T1CON   0x000fcd       data     extern C:\MCC18\v3_39\src\traditional\proc\p18F452.asm
                T1CONbits   0x000fcd       data     extern C:\MCC18\v3_39\src\traditional\proc\p18F452.asm
                    TMR1L   0x000fce       data     extern C:\MCC18\v3_39\src\traditional\proc\p18F452.asm
                    TMR1H   0x000fcf       data     extern C:\MCC18\v3_39\src\traditional\proc\p18F452.asm
                 RCONbits   0x000fd0       data     extern C:\MCC18\v3_39\src\traditional\proc\p18F452.asm
                     RCON   0x000fd0       data     extern C:\MCC18\v3_39\src\traditional\proc\p18F452.asm
               WDTCONbits   0x000fd1       data     extern C:\MCC18\v3_39\src\traditional\proc\p18F452.asm
                   WDTCON   0x000fd1       data     extern C:\MCC18\v3_39\src\traditional\proc\p18F452.asm
                   LVDCON   0x000fd2       data     extern C:\MCC18\v3_39\src\traditional\proc\p18F452.asm
               LVDCONbits   0x000fd2       data     extern C:\MCC18\v3_39\src\traditional\proc\p18F452.asm
                   OSCCON   0x000fd3       data     extern C:\MCC18\v3_39\src\traditional\proc\p18F452.asm
               OSCCONbits   0x000fd3       data     extern C:\MCC18\v3_39\src\traditional\proc\p18F452.asm
                T0CONbits   0x000fd5       data     extern C:\MCC18\v3_39\src\traditional\proc\p18F452.asm
                    T0CON   0x000fd5       data     extern C:\MCC18\v3_39\src\traditional\proc\p18F452.asm
                    TMR0L   0x000fd6       data     extern C:\MCC18\v3_39\src\traditional\proc\p18F452.asm
                    TMR0H   0x000fd7       data     extern C:\MCC18\v3_39\src\traditional\proc\p18F452.asm
               STATUSbits   0x000fd8       data     extern C:\MCC18\v3_39\src\traditional\proc\p18F452.asm
                   STATUS   0x000fd8       data     extern C:\MCC18\v3_39\src\traditional\proc\p18F452.asm
                    FSR2L   0x000fd9       data     extern C:\MCC18\v3_39\src\traditional\proc\p18F452.asm
                     FSR2   0x000fd9       data     extern C:\MCC18\v3_39\src\traditional\proc\p18F452.asm
                    FSR2H   0x000fda       data     extern C:\MCC18\v3_39\src\traditional\proc\p18F452.asm
                   PLUSW2   0x000fdb       data     extern C:\MCC18\v3_39\src\traditional\proc\p18F452.asm
                  PREINC2   0x000fdc       data     extern C:\MCC18\v3_39\src\traditional\proc\p18F452.asm
                 POSTDEC2   0x000fdd       data     extern C:\MCC18\v3_39\src\traditional\proc\p18F452.asm
                 POSTINC2   0x000fde       data     extern C:\MCC18\v3_39\src\traditional\proc\p18F452.asm
                    INDF2   0x000fdf       data     extern C:\MCC18\v3_39\src\traditional\proc\p18F452.asm
                      BSR   0x000fe0       data     extern C:\MCC18\v3_39\src\traditional\proc\p18F452.asm
                    FSR1L   0x000fe1       data     extern C:\MCC18\v3_39\src\traditional\proc\p18F452.asm
                     FSR1   0x000fe1       data     extern C:\MCC18\v3_39\src\traditional\proc\p18F452.asm
                    FSR1H   0x000fe2       data     extern C:\MCC18\v3_39\src\traditional\proc\p18F452.asm
                   PLUSW1   0x000fe3       data     extern C:\MCC18\v3_39\src\traditional\proc\p18F452.asm
                  PREINC1   0x000fe4       data     extern C:\MCC18\v3_39\src\traditional\proc\p18F452.asm
                 POSTDEC1   0x000fe5       data     extern C:\MCC18\v3_39\src\traditional\proc\p18F452.asm
                 POSTINC1   0x000fe6       data     extern C:\MCC18\v3_39\src\traditional\proc\p18F452.asm
                    INDF1   0x000fe7       data     extern C:\MCC18\v3_39\src\traditional\proc\p18F452.asm
                        W   0x000fe8       data     extern C:\MCC18\v3_39\src\traditional\proc\p18F452.asm
                     WREG   0x000fe8       data     extern C:\MCC18\v3_39\src\traditional\proc\p18F452.asm
                    FSR0L   0x000fe9       data     extern C:\MCC18\v3_39\src\traditional\proc\p18F452.asm
                     FSR0   0x000fe9       data     extern C:\MCC18\v3_39\src\traditional\proc\p18F452.asm
                    FSR0H   0x000fea       data     extern C:\MCC18\v3_39\src\traditional\proc\p18F452.asm
                   PLUSW0   0x000feb       data     extern C:\MCC18\v3_39\src\traditional\proc\p18F452.asm
                  PREINC0   0x000fec       data     extern C:\MCC18\v3_39\src\traditional\proc\p18F452.asm
                 POSTDEC0   0x000fed       data     extern C:\MCC18\v3_39\src\traditional\proc\p18F452.asm
                 POSTINC0   0x000fee       data     extern C:\MCC18\v3_39\src\traditional\proc\p18F452.asm
                    INDF0   0x000fef       data     extern C:\MCC18\v3_39\src\traditional\proc\p18F452.asm
              INTCON3bits   0x000ff0       data     extern C:\MCC18\v3_39\src\traditional\proc\p18F452.asm
                  INTCON3   0x000ff0       data     extern C:\MCC18\v3_39\src\traditional\proc\p18F452.asm
              INTCON2bits   0x000ff1       data     extern C:\MCC18\v3_39\src\traditional\proc\p18F452.asm
                  INTCON2   0x000ff1       data     extern C:\MCC18\v3_39\src\traditional\proc\p18F452.asm
                   INTCON   0x000ff2       data     extern C:\MCC18\v3_39\src\traditional\proc\p18F452.asm
                  INTCON1   0x000ff2       data     extern C:\MCC18\v3_39\src\traditional\proc\p18F452.asm
              INTCON1bits   0x000ff2       data     extern C:\MCC18\v3_39\src\traditional\proc\p18F452.asm
               INTCONbits   0x000ff2       data     extern C:\MCC18\v3_39\src\traditional\proc\p18F452.asm
                     PROD   0x000ff3       data     extern C:\MCC18\v3_39\src\traditional\proc\p18F452.asm
                    PRODL   0x000ff3       data     extern C:\MCC18\v3_39\src\traditional\proc\p18F452.asm
                    PRODH   0x000ff4       data     extern C:\MCC18\v3_39\src\traditional\proc\p18F452.asm
                   TABLAT   0x000ff5       data     extern C:\MCC18\v3_39\src\traditional\proc\p18F452.asm
                   TBLPTR   0x000ff6       data     extern C:\MCC18\v3_39\src\traditional\proc\p18F452.asm
                  TBLPTRL   0x000ff6       data     extern C:\MCC18\v3_39\src\traditional\proc\p18F452.asm
                  TBLPTRH   0x000ff7       data     extern C:\MCC18\v3_39\src\traditional\proc\p18F452.asm
                  TBLPTRU   0x000ff8       data     extern C:\MCC18\v3_39\src\traditional\proc\p18F452.asm
                       PC   0x000ff9       data     extern C:\MCC18\v3_39\src\traditional\proc\p18F452.asm
                      PCL   0x000ff9       data     extern C:\MCC18\v3_39\src\traditional\proc\p18F452.asm
                   PCLATH   0x000ffa       data     extern C:\MCC18\v3_39\src\traditional\proc\p18F452.asm
                   PCLATU   0x000ffb       data     extern C:\MCC18\v3_39\src\traditional\proc\p18F452.asm
               STKPTRbits   0x000ffc       data     extern C:\MCC18\v3_39\src\traditional\proc\p18F452.asm
                   STKPTR   0x000ffc       data     extern C:\MCC18\v3_39\src\traditional\proc\p18F452.asm
                      TOS   0x000ffd       data     extern C:\MCC18\v3_39\src\traditional\proc\p18F452.asm
                     TOSL   0x000ffd       data     extern C:\MCC18\v3_39\src\traditional\proc\p18F452.asm
                     TOSH   0x000ffe       data     extern C:\MCC18\v3_39\src\traditional\proc\p18F452.asm
                     TOSU   0x000fff       data     extern C:\MCC18\v3_39\src\traditional\proc\p18F452.asm


